app/component/Mapview.tsx(16,9): error TS17004: Cannot use JSX unless the '--jsx' flag is provided.
app/component/Mapview.tsx(21,13): error TS17004: Cannot use JSX unless the '--jsx' flag is provided.
app/component/Mapview.tsx(25,13): error TS17004: Cannot use JSX unless the '--jsx' flag is provided.
app/component/Mapview.tsx(26,17): error TS17004: Cannot use JSX unless the '--jsx' flag is provided.
app/page.tsx(1,21): error TS6142: Module './component/Mapview' was resolved to 'D:/bus/smart-bus-tracking/app/component/Mapview.tsx', but '--jsx' is not set.
app/page.tsx(5,5): error TS17004: Cannot use JSX unless the '--jsx' flag is provided.
node_modules/@react-leaflet/core/lib/component.d.ts(1,8): error TS1259: Module '"D:/bus/smart-bus-tracking/node_modules/@types/react/index"' can only be default-imported using the 'esModuleInterop' flag
node_modules/react-leaflet/lib/LayersControl.d.ts(2,8): error TS1259: Module '"D:/bus/smart-bus-tracking/node_modules/@types/react/index"' can only be default-imported using the 'esModuleInterop' flag
node_modules/react-leaflet/lib/MapContainer.d.ts(2,8): error TS1259: Module '"D:/bus/smart-bus-tracking/node_modules/@types/react/index"' can only be default-imported using the 'esModuleInterop' flag
node_modules/react-leaflet/lib/Pane.d.ts(1,8): error TS1259: Module '"D:/bus/smart-bus-tracking/node_modules/@types/react/index"' can only be default-imported using the 'esModuleInterop' flag
